
> frontend@0.0.0 build
> run-p type-check "build-only {@}" --


> frontend@0.0.0 build-only
> vite build


> frontend@0.0.0 type-check
> vue-tsc --build

vite v8.3.0 building client environment for production...
transforming...
✓ 1620 modules transformed.
rendering chunks...
computing gzip size...
dist/index.html                     0.78 kB │ gzip:   0.47 kB
dist/assets/index-Ckjc5QTv.css    383.97 kB │ gzip:  52.23 kB
dist/assets/index-Eu-tGsrv.js   1,048.55 kB │ gzip: 338.61 kB

✓ built in 579ms
[plugin builtin:vite-reporter] 
(!) Some chunks are larger than 500 kB after minification. Consider:
- Using dynamic import() to code-split the application
- Use build.rolldownOptions.output.codeSplitting to improve chunking: https://rolldown.rs/reference/OutputOptions.codeSplitting
- Adjust chunk size limit for this warning via build.chunkSizeWarningLimit.
