Building prefix dict from the default dictionary ...
Loading model from cache /var/folders/m4/8prjgkgx3t7g1nktb35rnc800000gn/T/jieba.cache
Loading model cost 0.289 seconds.
Prefix dict has been built successfully.
======================================================================
【新進訴願書 核心情節】
訴願人駕駛車輛於路旁隨地棄置資源垃圾（保麗龍），未依規定時間及指定清運方式交付回收清除，經環保局依廢棄物清理法裁處罰鍰，訴願人主張照片無法證明垃圾為其所丟棄。
======================================================================

▎1. 適用法規推薦（前 5 條）
----------------------------------------------------------------------
  [1.000] 廢棄物清理法 第 23 條
        中華民國八十六年三月二十八日前，由責任業者組成之共同回收清除處理組織及依相關法規成立
之基金會賸餘回...
  [0.807] 廢棄物清理法 第 18 條
        1 依第十五條第二項公告之物品或其包裝、容器，經食用或使用後產生之一般廢棄物（以下簡稱應
回收廢棄物...
  [0.793] 廢棄物清理法 第 16 條
        1 依前條第二項公告之應負回收、清除、處理責任之業者（以下簡稱責任業者），應向主管機關辦理
登記；製...
  [0.781] 廢棄物清理法 第 24 條
        1 直轄市、縣（市）主管機關為執行一般廢棄物之清除、處理，應依清除處理成本，向指定清除地
區內家戶及...
  [0.772] 訴願法 第 73 條
        受理訴願機關應依職權或囑託有關機關或人員，實施調查、檢驗或勘
驗，不受訴願人主張之拘束。
1
受理訴...

▎2. 相似歷史案例（前 5 名，純BM25）
----------------------------------------------------------------------
  1. [1.000] 113年第17號 | 違反廢棄物清理法事件 | 結果：駁回
        引用法條：訴願法 第 79 條; 行政罰法 第 18 條; 廢棄物清理法 第 50、12、27、4、41、5 條
  2. [0.741] 110年第17號 | 違反廢棄物清理法事件 | 結果：駁回
        引用法條：訴願法 第 79 條; 行政罰法 第 18 條; 廢棄物清理法 第 12、27、41、50 條
  3. [0.346] 114年第17號 | 違反廢棄物清理法事件 | 結果：駁回
        引用法條：訴願法 第 79 條; 行政罰法 第 18 條; 廢棄物清理法 第 27、4、50 條
  4. [0.263] 110年第18號 | 違反廢棄物清理法事件 | 結果：撤銷另處
        引用法條：訴願法 第 81 條; 行政罰法 第 18 條; 廢棄物清理法 第 11、50 條
  5. [0.255] 111年第18號 | 違反廢棄物清理法事件 | 結果：原處分撤銷
        引用法條：訴願法 第 81 條; 行政罰法 第 18 條; 廢棄物清理法 第 27、4、50 條

▎3. 相關函釋 / 判解（前 3 名，純BM25）
----------------------------------------------------------------------
  1. [1.000] [判解] 臺灣新北地方法院106年度簡字第119號行政判決-廢棄物清理法9條1項後段
  2. [0.874] [函釋] 法務部97年1月29日法律字第0970000279號函釋-廢棄物清理法共有人連帶負責
  3. [0.805] [函釋] 法務部107年10月17日法律字第10703515450號函釋-廢棄物清理法第11條&第27條第11
======================================================================
Demo 完成。以上檢索全部本地執行（法規BM25 / 決定書+判解向量快取）。
